npm warn Unknown env config "devdir". This will stop working in the next major version of npm. See `npm help npmrc` for supported config options.
env: load .env
env: export EXPO_PUBLIC_WALLETCONNECT_PROJECT_ID EXPO_PUBLIC_CONTRACT_ADDRESS_MAINNET EXPO_PUBLIC_CONTRACT_ADDRESS_TESTNET EXPO_PUBLIC_ZK_CONTRACT_ADDRESS_MAINNET EXPO_PUBLIC_ZK_CONTRACT_ADDRESS_TESTNET EXPO_PUBLIC_BSC_RPC_URL_PRIMARY EXPO_PUBLIC_BSC_RPC_URL_FALLBACK_1 EXPO_PUBLIC_BSC_RPC_URL_FALLBACK_2 EXPO_PUBLIC_CHAIN_ID EXPO_PUBLIC_CHAIN_NAME PRIVATE_KEY BSC_TESTNET_RPC_URL BSC_MAINNET_RPC_URL EXPO_PUBLIC_APP_ENV EXPO_PUBLIC_ENABLE_ZK_VALIDATION EXPO_PUBLIC_ENABLE_DEBUG_LOGGING EXPO_PUBLIC_USDT_ADDRESS USDT_ADDRESS USDT_FEED EXPO_PUBLIC_FEE_COLLECTOR EXPO_PUBLIC_CONTRACT_START_BLOCK ADMINS REQUIRED_CONFIRMATIONS FEE_COLLECTOR EXPO_PUBLIC_INVITE_WEB_BASE EXPO_PUBLIC_PLAY_STORE_URL NOTIFY_DATA_KEY
Starting project at C:\CURSORPLANTILLA-BASE\Magno
Starting Metro Bundler
Waiting on http://localhost:8081
Logs for your project will appear below.
Android .\index.js ░░░░░░░░░░░░░░░░  0.0% (0/1)
| (node:5056) Warning: The 'NO_COLOR' env is ignored due to the 'FORCE_COLOR' env being set.
Android .\index.js ░░░░░░░░░░░░░░░░  0.0% (0/1)
| (Use `node --trace-warnings ...` to show where the warning was created)
Android .\index.js ░░░░░░░░░░░░░░░░  5.3% ( 10/132)
| (node:1816) Warning: The 'NO_COLOR' env is ignored due to the 'FORCE_COLOR' env being set.
| (Use `node --trace-warnings ...` to show where the warning was created)
| (node:3980) Warning: The 'NO_COLOR' env is ignored due to the 'FORCE_COLOR' env being set.
| (Use `node --trace-warnings ...` to show where the warning was created)
Android .\index.js ░░░░░░░░░░░░░░░░  5.3% ( 62/273)
Android .\index.js ▓▓▓░░░░░░░░░░░░░ 20.8% (171/375)
Android .\index.js ▓▓▓▓░░░░░░░░░░░░ 27.4% (268/512)
Android .\index.js ▓▓▓▓▓░░░░░░░░░░░ 34.4% (371/633)
Android .\index.js ▓▓▓▓▓▓░░░░░░░░░░ 40.6% (470/738)
Android .\index.js ▓▓▓▓▓▓▓▓░░░░░░░░ 50.7% (553/777)
Android .\index.js ▓▓▓▓▓▓▓▓▓░░░░░░░ 62.1% (666/923)
Android .\index.js ▓▓▓▓▓▓▓▓▓░░░░░░░ 62.1% ( 708/1014)
Android .\index.js ▓▓▓▓▓▓▓▓▓░░░░░░░ 62.1% ( 796/1069)
Android .\index.js ▓▓▓▓▓▓▓▓▓░░░░░░░ 62.1% ( 872/1204)
Android .\index.js ▓▓▓▓▓▓▓▓▓░░░░░░░ 62.1% ( 957/1299)
Android .\index.js ▓▓▓▓▓▓▓▓▓░░░░░░░ 62.1% (1037/1393)
Android .\index.js ▓▓▓▓▓▓▓▓▓░░░░░░░ 62.1% (1102/1441)
Android .\index.js ▓▓▓▓▓▓▓▓▓▓▓▓░░░░ 77.8% (1322/1499)
Android .\index.js ▓▓▓▓▓▓▓▓▓▓▓▓▓░░░ 85.7% (1422/1536)
 WARN  Attempted to import the module "C:\CURSORPLANTILLA-BASE\Magno\node_modules\ethers\node_modules\@noble\hashes\crypto.js" which is not listed in the "exports" of "C:\CURSORPLANTILLA-BASE\Magno\node_modules\ethers\node_modules\@noble\hashes" under the requested subpath "./crypto.js". Falling back to file-based resolution. Consider updating the call site or asking the package maintainer(s) to expose this API.
Android .\index.js ▓▓▓▓▓▓▓▓▓▓▓▓▓▓░░ 91.8% (1515/1581)
Android .\index.js ▓▓▓▓▓▓▓▓▓▓▓▓▓▓▓░ 94.9% (1559/1674)
Android .\index.js ▓▓▓▓▓▓▓▓▓▓▓▓▓▓▓░ 94.9% (1632/1754)
Android .\index.js ▓▓▓▓▓▓▓▓▓▓▓▓▓▓▓░ 94.9% (1721/1810)
 WARN  Attempted to import the module "C:\CURSORPLANTILLA-BASE\Magno\node_modules\multiformats\cjs\src\basics.js" which is not listed in the "exports" of "C:\CURSORPLANTILLA-BASE\Magno\node_modules\multiformats" under the requested subpath "./cjs/src/basics.js". Falling back to file-based resolution. Consider updating the call site or asking the package maintainer(s) to expose this API.
Android .\index.js ▓▓▓▓▓▓▓▓▓▓▓▓▓▓▓░ 94.9% (1806/1885)
 WARN  Attempted to import the module "C:\CURSORPLANTILLA-BASE\Magno\node_modules\@walletconnect\utils\node_modules\@noble\hashes\crypto.js" which is not listed in the "exports" of "C:\CURSORPLANTILLA-BASE\Magno\node_modules\@walletconnect\utils\node_modules\@noble\hashes" under the requested subpath "./crypto.js". Falling back to file-based resolution. Consider updating the call site or asking the package maintainer(s) to expose this API.
 WARN  Attempted to import the module "C:\CURSORPLANTILLA-BASE\Magno\node_modules\@scure\bip32\node_modules\@noble\hashes\crypto.js" which is not listed in the "exports" of "C:\CURSORPLANTILLA-BASE\Magno\node_modules\@scure\bip32\node_modules\@noble\hashes" under the requested subpath "./crypto.js". Falling back to file-based resolution. Consider updating the call site or asking the package maintainer(s) to expose this API.
 WARN  Attempted to import the module "C:\CURSORPLANTILLA-BASE\Magno\node_modules\@scure\bip39\node_modules\@noble\hashes\crypto.js" which is not listed in the "exports" of "C:\CURSORPLANTILLA-BASE\Magno\node_modules\@scure\bip39\node_modules\@noble\hashes" under the requested subpath "./crypto.js". Falling back to file-based resolution. Consider updating the call site or asking the package maintainer(s) to expose this API.
Android .\index.js ▓▓▓▓▓▓▓▓▓▓▓▓▓▓▓░ 95.7% (1862/1922)
Android Bundled 104175ms index.js (1936 modules)
Android .\index.js ▓▓▓▓▓▓▓▓▓▓▓▓▓▓▓░ 99.9% (1936/1936)
 LOG  AppKit: Creating new instance - AppKit.ts:createAppKit
 LOG  ✅ Web3 polyfills loaded successfully
 LOG  [AppKit] [AppKit.ts:initControllers] AppKit initialization started
Android .\index.js ░░░░░░░░░░░░░░░░  0.0% (0/1)
Android Bundled 156ms index.js (1 module)
 LOG  AppKit: Creating new instance - AppKit.ts:createAppKit
 LOG  ✅ Web3 polyfills loaded successfully
 LOG  [AppKit] [AppKit.ts:initControllers] AppKit initialization started
Android node_modules\expo-notifications\build\index.js ░░░░░░░░░░░░░░░░  0.0% (0/1)
 LOG  Wallet signer configurado
 LOG  Wallet signer configurado
Android node_modules\expo-notifications\build\index.js ▓▓▓▓▓▓▓▓▓▓▓▓▓▓▓░ 98.4% (742/748)
Android Bundled 6063ms node_modules\expo-notifications\build\index.js (815 modules)
 ERROR  Transaction error (registrarHumano): [Error: insufficient funds for intrinsic transaction cost (transaction="0xf889808405f5e1008301fc3e945eb6c65f3e3b7dc555e690a83d61205f66700cc280a47dbfd75d000000000000000000000000000000000000000000000000000000000000000081e5a038a6d00d78706cd4a9ecaecc1c8a21dd70dc3275a75cee734c113812c35c9c93a0199e16410833b086f6274b19e00146c07a62833791f2a7f99e079fc0113b8bc8", info={ "error": { "code": -32000, "message": "insufficient funds for gas * price + value: balance 0, tx cost 13011000000000, overshot 13011000000000" } }, code=INSUFFICIENT_FUNDS, version=6.17.0)]
 LOG  Wallet signer limpio
 LOG  Wallet signer configurado
 LOG  Wallet signer configurado
 LOG  Wallet signer limpio
 LOG  Wallet signer configurado
 LOG  Wallet signer configurado
 LOG  Wallet signer limpio
 LOG  Wallet signer configurado
 LOG  Wallet signer configurado
 LOG  Wallet signer limpio
 ERROR  Transaction error (registrarHumano): [Error: insufficient funds for intrinsic transaction cost (transaction="0xf889808405f5e1008301fc3e945eb6c65f3e3b7dc555e690a83d61205f66700cc280a47dbfd75d000000000000000000000000000000000000000000000000000000000000000081e5a038a6d00d78706cd4a9ecaecc1c8a21dd70dc3275a75cee734c113812c35c9c93a0199e16410833b086f6274b19e00146c07a62833791f2a7f99e079fc0113b8bc8", info={ "error": { "code": -32000, "message": "insufficient funds for gas * price + value: balance 0, tx cost 13011000000000, overshot 13011000000000" } }, code=INSUFFICIENT_FUNDS, version=6.17.0)]
 LOG  Wallet signer configurado
 LOG  Wallet signer configurado
 LOG  Wallet signer limpio
 LOG  Wallet signer configurado
 LOG  Wallet signer configurado
 ERROR  Transaction error (registrarHumano): [Error: insufficient funds for intrinsic transaction cost (transaction="0xf889808405f5e1008301fc3e945eb6c65f3e3b7dc555e690a83d61205f66700cc280a47dbfd75d000000000000000000000000000000000000000000000000000000000000000081e5a038a6d00d78706cd4a9ecaecc1c8a21dd70dc3275a75cee734c113812c35c9c93a0199e16410833b086f6274b19e00146c07a62833791f2a7f99e079fc0113b8bc8", info={ "error": { "code": -32000, "message": "insufficient funds for gas * price + value: balance 0, tx cost 13011000000000, overshot 13011000000000" } }, code=INSUFFICIENT_FUNDS, version=6.17.0)]
 LOG  Wallet signer limpio
 ERROR  [SyntaxError: 406:209:':' expected in property initialization]
 ERROR  [SyntaxError: 3:13:';' expected]
 ERROR  [SyntaxError: 3:13:';' expected]
Android .\index.js ░░░░░░░░░░░░░░░░  0.0% (0/1)
Android Bundled 293ms index.js (1 module)
 LOG  AppKit: Creating new instance - AppKit.ts:createAppKit
 LOG  ✅ Web3 polyfills loaded successfully
 LOG  [AppKit] [AppKit.ts:initControllers] AppKit initialization started
Android node_modules\expo-notifications\build\index.js ░░░░░░░░░░░░░░░░  0.0% (0/1)
Android Bundled 93ms node_modules\expo-notifications\build\index.js (1 module)
 LOG  Wallet signer configurado
 LOG  Wallet signer configurado
Android .\index.js ░░░░░░░░░░░░░░░░  0.0% (0/1)
Android Bundled 195ms index.js (1 module)
 LOG  AppKit: Creating new instance - AppKit.ts:createAppKit
 LOG  ✅ Web3 polyfills loaded successfully
 LOG  [AppKit] [AppKit.ts:initControllers] AppKit initialization started
Android node_modules\expo-notifications\build\index.js ░░░░░░░░░░░░░░░░  0.0% (0/1)
Android Bundled 180ms node_modules\expo-notifications\build\index.js (1 module)
 LOG  Wallet signer configurado
 LOG  Wallet signer configurado
 LOG  Wallet signer configurado
 LOG  Wallet signer configurado
 LOG  Wallet signer configurado
 LOG  Wallet signer limpio
 LOG  Wallet signer configurado
 LOG  Wallet signer configurado
 LOG  Wallet signer configurado
 LOG  Wallet signer limpio
